Microchip MPLAB XC8 Compiler V2.41

Linker command line:

-W-3 \
  --edf=C:\Program Files\Microchip\xc8\v2.41\pic\dat\20230208172133_en.msgs \
  -cn -h+dist/default/production\Record_203.production.sym \
  --cmf=dist/default/production\Record_203.production.cmf -z -Q18F4620 \
  -oC:\Users\Body\AppData\Local\Temp\xcBs4vc.1\driver_tmp_3.o \
  --defsym=__MPLAB_BUILD=1 --fixupoverflow=error \
  -Mdist/default/production/Record_203.production.map \
  --md=C:\Users\Body\AppData\Local\Temp\xcBs4vc.1\driver_tmp_0.dat -E1 \
  -ver=XC8 Compiler --acfsm=1493 -ACODE=00h-0FFFFh -ACONST=00h-0FFFFh \
  -ASMALLCONST=01000h-010FFhx240 -AMEDIUMCONST=01000h-0FFFFh \
  -ACOMRAM=01h-07Fh -AABS1=00h-0F7Fh -ABIGRAM=01h-0F7Fh \
  -ARAM=080h-0FFh,0100h-01FFhx14,0F00h-0F7Fh -ABANK0=080h-0FFh \
  -ABANK1=0100h-01FFh -ABANK2=0200h-02FFh -ABANK3=0300h-03FFh \
  -ABANK4=0400h-04FFh -ABANK5=0500h-05FFh -ABANK6=0600h-06FFh \
  -ABANK7=0700h-07FFh -ABANK8=0800h-08FFh -ABANK9=0900h-09FFh \
  -ABANK10=0A00h-0AFFh -ABANK11=0B00h-0BFFh -ABANK12=0C00h-0CFFh \
  -ABANK13=0D00h-0DFFh -ABANK14=0E00h-0EFFh -ABANK15=0F00h-0F7Fh \
  -ASFR=0F80h-0FFFh -ABIGSFR=0F80h-0FFFh -ACONFIG=0300000h-030000Dh \
  -AIDLOC=0200000h-0200007h -AEEDATA=0F00000h-0F003FFh -peeprom_data=EEDATA \
  -preset_vec=00h,intcode=08h,intcodelo,powerup,init -pramtop=01000h \
  -psmallconst=SMALLCONST -pmediumconst=MEDIUMCONST -pconst=CONST \
  -AFARRAM=00h-00h \
  -prdata=COMRAM,nvrram=COMRAM,nvbit=COMRAM,rbss=COMRAM,rbit=COMRAM \
  -pfarbss=FARRAM,fardata=FARRAM,nvFARRAM=FARRAM \
  -pintsave_regs=BIGRAM,bigbss=BIGRAM,bigdata=BIGRAM -pbss=RAM \
  -pidata=CODE,irdata=CODE,ibigdata=CODE,ifardata=CODE -prparam=COMRAM \
  C:\Users\Body\AppData\Local\Temp\xcBs4vc.1\driver_tmp_14.o \
  dist/default/production\Record_203.production.o 

Object code version is 3.11

Machine type is 18F4620



                Name                               Link     Load   Length Selector   Space Scale
C:\Users\Body\AppData\Local\Temp\xcBs4vc.1\driver_tmp_14.o
                idloc                            200000   200000        8        0       5
                config                           300000   300000        E        0       4
                init                                  E        E        4        4       0
                reset_vec                             0        0        4        0       0
dist/default/production\Record_203.production.o
                intcode                               8        8        6        4       0
                idloc                            200000   200000        8        0       5
                config                           300000   300000        E        0       4
                temp                                 73       73        1        1       1
                smallconst                         1000     1000       2C      800       0
                text50                             242A     242A       DA      816       0
                text49                             3154     3154       32     1873       0
                text48                             31B6     31B6       30     1873       0
                text47                             32AC     32AC        4     1873       0
                text46                             32A8     32A8        4     1873       0
                text45                             32A4     32A4        4     1873       0
                text44                             3274     3274       1A     1873       0
                text43                             325A     325A       1A     1873       0
                text42                             3240     3240       1A     1873       0
                text41                             3226     3226       1A     1873       0
                intcode_body                       1456     1456      2C6      816       0
                text39                             2504     2504       D8      816       0
                text38                             3186     3186       30     1873       0
                text37                             320C     320C       1A     1873       0
                text36                             30E6     30E6       3A     1873       0
                text35                             102C     102C      42A      816       0
                text34                             2324     2324      106      816       0
                text33                             2CBA     2CBA       74      816       0
                text32                             199C     199C      1B4      816       0
                text31                             2D2E     2D2E       70      816       0
                text30                             2C44     2C44       76      816       0
                text29                             297E     297E       A2      816       0
                text28                             1E5C     1E5C      144      816       0
                text27                             21F8     21F8      12C      816       0
                text26                             2E0C     2E0C       6C      816       0
                text25                             306C     306C       3E      816       0
                text24                             3120     3120       34     1873       0
                text23                             2AB0     2AB0       90      816       0
                text22                             20CC     20CC      12C      816       0
                text21                             31E6     31E6       26     1873       0
                text20                             328E     328E       12     1873       0
                text19                             1CE6     1CE6      176      816       0
                text18                             26A6     26A6       C4      816       0
                text17                             2826     2826       B0      816       0
                text16                             302C     302C       40      816       0
                text15                             32B0     32B0        2     1873       0
                text14                             25DC     25DC       CA      816       0
                text13                             2FE8     2FE8       44      816       0
                text12                             2BCA     2BCA       7A      816       0
                text11                             1B50     1B50      196      816       0
                text10                             1FA0     1FA0      12C      816       0
                text9                              2E78     2E78       50      816       0
                text8                              2EC8     2EC8       4C      816       0
                text7                              276A     276A       BC      816       0
                text6                              2FA2     2FA2       46      816       0
                text5                              2F5C     2F5C       46      816       0
                text4                              2A20     2A20       90      816       0
                text3                              2B40     2B40       8A      816       0
                text2                              28D6     28D6       A8      816       0
                text1                              2F14     2F14       48      816       0
                text0                              171C     171C      280      816       0
                cstackCOMRAM                          1        1       62        1       1
                cstackBANK0                          EF       EF        C       80       1
                bssBANK1                            100      100       20      100       1
                dataBANK0                            80       80       3B       80       1
                bssBANK0                             BB       BB       34       80       1
                dataCOMRAM                           6F       6F        4        1       1
                bssCOMRAM                            63       63        C        1       1
                cinit                              2D9E     2D9E       6E      816       0
                nvBANK0                              FB       FB        1       80       1
                idataBANK0                         30AA     30AA       3B      816       0
                idataCOMRAM                        32A0     32A0        4     1873       0

TOTAL           Name                               Link     Load   Length     Space
        CLASS   CODE           
                intcode                               8        8        6         0
                init                                  E        E        4         0
                reset_vec                             0        0        4         0
                text50                             242A     242A       DA         0
                text49                             3154     3154       32         0
                text48                             31B6     31B6       30         0
                text47                             32AC     32AC        4         0
                text46                             32A8     32A8        4         0
                text45                             32A4     32A4        4         0
                text44                             3274     3274       1A         0
                text43                             325A     325A       1A         0
                text42                             3240     3240       1A         0
                text41                             3226     3226       1A         0
                intcode_body                       1456     1456      2C6         0
                text39                             2504     2504       D8         0
                text38                             3186     3186       30         0
                text37                             320C     320C       1A         0
                text36                             30E6     30E6       3A         0
                text35                             102C     102C      42A         0
                text34                             2324     2324      106         0
                text33                             2CBA     2CBA       74         0
                text32                             199C     199C      1B4         0
                text31                             2D2E     2D2E       70         0
                text30                             2C44     2C44       76         0
                text29                             297E     297E       A2         0
                text28                             1E5C     1E5C      144         0
                text27                             21F8     21F8      12C         0
                text26                             2E0C     2E0C       6C         0
                text25                             306C     306C       3E         0
                text24                             3120     3120       34         0
                text23                             2AB0     2AB0       90         0
                text22                             20CC     20CC      12C         0
                text21                             31E6     31E6       26         0
                text20                             328E     328E       12         0
                text19                             1CE6     1CE6      176         0
                text18                             26A6     26A6       C4         0
                text17                             2826     2826       B0         0
                text16                             302C     302C       40         0
                text15                             32B0     32B0        2         0
                text14                             25DC     25DC       CA         0
                text13                             2FE8     2FE8       44         0
                text12                             2BCA     2BCA       7A         0
                text11                             1B50     1B50      196         0
                text10                             1FA0     1FA0      12C         0
                text9                              2E78     2E78       50         0
                text8                              2EC8     2EC8       4C         0
                text7                              276A     276A       BC         0
                text6                              2FA2     2FA2       46         0
                text5                              2F5C     2F5C       46         0
                text4                              2A20     2A20       90         0
                text3                              2B40     2B40       8A         0
                text2                              28D6     28D6       A8         0
                text1                              2F14     2F14       48         0
                text0                              171C     171C      280         0
                cinit                              2D9E     2D9E       6E         0
                idataBANK0                         30AA     30AA       3B         0
                idataCOMRAM                        32A0     32A0        4         0

        CLASS   CONST          

        CLASS   SMALLCONST     
                smallconst                         1000     1000       2C         0

        CLASS   MEDIUMCONST    

        CLASS   COMRAM         
                temp                                 73       73        1         1
                cstackCOMRAM                          1        1       62         1
                dataCOMRAM                           6F       6F        4         1
                bssCOMRAM                            63       63        C         1

        CLASS   ABS1           

        CLASS   BIGRAM         

        CLASS   RAM            

        CLASS   BANK0          
                cstackBANK0                          EF       EF        C         1
                dataBANK0                            80       80       3B         1
                bssBANK0                             BB       BB       34         1
                nvBANK0                              FB       FB        1         1

        CLASS   BANK1          
                bssBANK1                            100      100       20         1

        CLASS   BANK2          

        CLASS   BANK3          

        CLASS   BANK4          

        CLASS   BANK5          

        CLASS   BANK6          

        CLASS   BANK7          

        CLASS   BANK8          

        CLASS   BANK9          

        CLASS   BANK10         

        CLASS   BANK11         

        CLASS   BANK12         

        CLASS   BANK13         

        CLASS   BANK14         

        CLASS   BANK15         

        CLASS   SFR            

        CLASS   BIGSFR         

        CLASS   CONFIG         
                config                           300000   300000        E         4

        CLASS   IDLOC          
                idloc                            200000   200000        8         5

        CLASS   EEDATA         

        CLASS   FARRAM         

        CLASS   HEAP           

        CLASS   STACK          



SEGMENTS        Name                           Load    Length   Top    Selector   Space  Class

                reset_vec                      000000  000004  000004         0       0  CODE    
                cstackCOMRAM                   000001  000073  000074         1       1  COMRAM  
                intcode                        000008  00000A  000012         4       0  CODE    
                dataBANK0                      000080  00007C  0000FC        80       1  BANK0   
                bssBANK1                       000100  000020  000120       100       1  BANK1   
                smallconst                     001000  00002C  00102C       800       0  SMALLCON
                text35                         00102C  0020B9  0030E5       816       0  CODE    
                text36                         0030E6  0001CC  0032B2      1873       0  CODE    


UNUSED ADDRESS RANGES

        Name                Unused          Largest block    Delta
        BANK0            0000FC-0000FF                4
        BANK1            000120-0001FF               E0
        BANK10           000A00-000AFF              100
        BANK11           000B00-000BFF              100
        BANK12           000C00-000CFF              100
        BANK13           000D00-000DFF              100
        BANK14           000E00-000EFF              100
        BANK15           000F00-000F7F               80
        BANK2            000200-0002FF              100
        BANK3            000300-0003FF              100
        BANK4            000400-0004FF              100
        BANK5            000500-0005FF              100
        BANK6            000600-0006FF              100
        BANK7            000700-0007FF              100
        BANK8            000800-0008FF              100
        BANK9            000900-0009FF              100
        BIGRAM           000074-00007F                C
                         0000FC-0000FF                4
                         000120-000F7F              E60
        BIGSFR           000F80-000FFF               80
        CODE             000004-000007                4
                         000012-000FFF              FEE
                         0030E5-0030E5                1
                         0032B2-00FFFF             CD4E
        COMRAM           000074-00007F                C
        CONST            000004-000007                4
                         000012-000FFF              FEE
                         0030E5-0030E5                1
                         0032B2-00FFFF             CD4E
        EEDATA           F00000-F003FF              400
        MEDIUMCONST      0030E5-0030E5                1
                         0032B2-00FFFF             CD4E
        RAM              0000FC-0000FF                4
                         000120-000F7F              100
        SFR              000F80-000FFF               80
        SMALLCONST       0030E5-0030E5                1
                         0032B2-00FFFF              100

                                  Symbol Table

?___awdiv                                     cstackCOMRAM 00000D
?___awmod                                     cstackCOMRAM 00000D
?___flmul                                     cstackCOMRAM 00001B
?___fltol                                     cstackCOMRAM 000034
?___lwdiv                                     cstackCOMRAM 00000D
?___xxtofl                                    cstackCOMRAM 00000D
?_abs                                         cstackCOMRAM 000013
?_sprintf                                     cstackCOMRAM 00004B
?_vfprintf                                    cstackCOMRAM 000043
ADC_INIT@adc                                  cstackCOMRAM 000011
ADC_INIT@ret                                  cstackCOMRAM 000014
ADC_SELECT_CHANNEL@adc                        cstackCOMRAM 000010
ADC_SELECT_CHANNEL@channel                    cstackCOMRAM 000012
ADC_START_CONVERSION@adc                      cstackCOMRAM 00000D
ADC_get_conversion_interrupt@adc              cstackCOMRAM 000014
ADC_get_conversion_interrupt@channel          cstackCOMRAM 000016
ADC_get_conversion_interrupt@coversion_status cstackCOMRAM 000017
ADC_get_conversion_result@adc                 cstackCOMRAM 000001
ADC_get_conversion_result@conversion_result   cstackCOMRAM 000003
ADC_get_conversion_result@ret                 cstackCOMRAM 000008
RB4_ISR@RB4_Source                            cstackCOMRAM 000001
RB5_ISR@RB5_Source                            cstackCOMRAM 000001
RB6_ISR@RB6_Source                            cstackCOMRAM 000001
RB7_ISR@RB7_Source                            cstackCOMRAM 000001
_ADCON0bits                                   (abs)        000FC2
_ADCON1bits                                   (abs)        000FC1
_ADCON2bits                                   (abs)        000FC0
_ADC_INIT                                     text29       00297E
_ADC_ISR                                      text48       0031B6
_ADC_InterruptHandler                         bssBANK0     0000DB
_ADC_SELECT_CHANNEL                           text38       003186
_ADC_START_CONVERSION                         text37       00320C
_ADC_get_conversion_interrupt                 text36       0030E6
_ADC_get_conversion_result                    text50       00242A
_ADRESH                                       (abs)        000FC4
_ADRESL                                       (abs)        000FC3
_EEADR                                        (abs)        000FA9
_EEADRH                                       (abs)        000FAA
_EECON1bits                                   (abs)        000FA6
_EECON2                                       (abs)        000FA7
_EEDATA                                       (abs)        000FA8
_INT0_ISR                                     text47       0032AC
_INT0_InterruptHandler                        bssBANK0     0000D9
_INT1_ISR                                     text46       0032A8
_INT1_InterruptHandler                        bssBANK0     0000D7
_INT2_ISR                                     text45       0032A4
_INT2_InterruptHandler                        bssBANK0     0000D5
_INTCON2bits                                  (abs)        000FF1
_INTCON3bits                                  (abs)        000FF0
_INTCONbits                                   (abs)        000FF2
_InterruptManager                             intcode      000008
_LATA                                         (abs)        000F89
_LATB                                         (abs)        000F8A
_LATC                                         (abs)        000F8B
_LATD                                         (abs)        000F8C
_LATE                                         (abs)        000F8D
_PIE1bits                                     (abs)        000F9D
_PIR1bits                                     (abs)        000F9E
_PORTA                                        (abs)        000F80
_PORTB                                        (abs)        000F81
_PORTBbits                                    (abs)        000F81
_PORTC                                        (abs)        000F82
_PORTD                                        (abs)        000F83
_PORTE                                        (abs)        000F84
_RB4_Flag                                     dataCOMRAM   000072
_RB4_ISR                                      text44       003274
_RB4_InterruptHandler_HIGH                    bssBANK0     0000D3
_RB4_InterruptHandler_LOW                     bssBANK0     0000D1
_RB5_Flag                                     dataCOMRAM   000071
_RB5_ISR                                      text43       00325A
_RB5_InterruptHandler_HIGH                    bssBANK0     0000CF
_RB5_InterruptHandler_LOW                     bssBANK0     0000CD
_RB6_Flag                                     dataCOMRAM   000070
_RB6_ISR                                      text42       003240
_RB6_InterruptHandler_HIGH                    bssBANK0     0000CB
_RB6_InterruptHandler_LOW                     bssBANK0     0000C9
_RB7_Flag                                     dataCOMRAM   00006F
_RB7_ISR                                      text41       003226
_RB7_InterruptHandler_HIGH                    bssBANK0     0000C7
_RB7_InterruptHandler_LOW                     bssBANK0     0000C5
_TRISA                                        (abs)        000F92
_TRISB                                        (abs)        000F93
_TRISC                                        (abs)        000F94
_TRISD                                        (abs)        000F95
_TRISE                                        (abs)        000F96
__HRAM                                        (abs)        000000
__H__absolute__                               __absolute__ 000000
__Habs1                                       abs1         000000
__Hbank0                                      bank0        000000
__Hbank1                                      bank1        000000
__Hbank10                                     bank10       000000
__Hbank11                                     bank11       000000
__Hbank12                                     bank12       000000
__Hbank13                                     bank13       000000
__Hbank14                                     bank14       000000
__Hbank15                                     bank15       000000
__Hbank2                                      bank2        000000
__Hbank3                                      bank3        000000
__Hbank4                                      bank4        000000
__Hbank5                                      bank5        000000
__Hbank6                                      bank6        000000
__Hbank7                                      bank7        000000
__Hbank8                                      bank8        000000
__Hbank9                                      bank9        000000
__Hbigbss                                     bigbss       000000
__Hbigdata                                    bigdata      000000
__Hbigram                                     bigram       000000
__Hbigsfr                                     bigsfr       000000
__Hbss                                        bss          000000
__HbssBANK0                                   bssBANK0     000000
__HbssBANK1                                   bssBANK1     000000
__HbssCOMRAM                                  bssCOMRAM    000000
__Hcinit                                      cinit        000000
__Hclrtext                                    clrtext      000000
__Hcomram                                     comram       000000
__Hconfig                                     config       30000E
__Hconst                                      const        000000
__HcstackBANK0                                cstackBANK0  000000
__HcstackCOMRAM                               cstackCOMRAM 000000
__Hdata                                       data         000000
__HdataBANK0                                  dataBANK0    000000
__HdataCOMRAM                                 dataCOMRAM   000000
__Heeprom_data                                eeprom_data  000000
__Hfarbss                                     farbss       000000
__Hfardata                                    fardata      000000
__Hheap                                       heap         000000
__Hibigdata                                   ibigdata     000000
__Hidata                                      idata        000000
__HidataBANK0                                 idataBANK0   000000
__HidataCOMRAM                                idataCOMRAM  000000
__Hidloc                                      idloc        200008
__Hifardata                                   ifardata     000000
__Hinit                                       init         000012
__Hintcode                                    intcode      00000E
__Hintcode_body                               intcode_body 000000
__Hintcodelo                                  intcodelo    00000E
__Hintentry                                   intentry     000000
__Hintret                                     intret       000000
__Hintsave_regs                               intsave_regs 000000
__Hirdata                                     irdata       000000
__Hmediumconst                                mediumconst  000000
__HnvBANK0                                    nvBANK0      000000
__HnvFARRAM                                   nvFARRAM     000000
__Hnvbit                                      nvbit        000000
__Hnvrram                                     nvrram       000000
__Hparam                                      rparam       000000
__Hpowerup                                    powerup      00000E
__Hram                                        ram          000000
__Hramtop                                     ramtop       001000
__Hrbit                                       rbit         000000
__Hrbss                                       rbss         000000
__Hrdata                                      rdata        000000
__Hreset_vec                                  reset_vec    000004
__Hrparam                                     rparam       000000
__Hsfr                                        sfr          000000
__Hsmallconst                                 smallconst   00102C
__Hspace_0                                    (abs)        0032B2
__Hspace_1                                    (abs)        000120
__Hspace_2                                    (abs)        000000
__Hspace_4                                    (abs)        60000E
__Hstack                                      stack        000000
__Hstruct                                     struct       000000
__Htemp                                       temp         000074
__Htext                                       text         000000
__Htext0                                      text0        000000
__Htext1                                      text1        000000
__Htext10                                     text10       000000
__Htext11                                     text11       000000
__Htext12                                     text12       000000
__Htext13                                     text13       000000
__Htext14                                     text14       000000
__Htext15                                     text15       000000
__Htext16                                     text16       000000
__Htext17                                     text17       000000
__Htext18                                     text18       000000
__Htext19                                     text19       000000
__Htext2                                      text2        000000
__Htext20                                     text20       000000
__Htext21                                     text21       000000
__Htext22                                     text22       000000
__Htext23                                     text23       000000
__Htext24                                     text24       000000
__Htext25                                     text25       000000
__Htext26                                     text26       000000
__Htext27                                     text27       000000
__Htext28                                     text28       000000
__Htext29                                     text29       000000
__Htext3                                      text3        000000
__Htext30                                     text30       000000
__Htext31                                     text31       000000
__Htext32                                     text32       000000
__Htext33                                     text33       000000
__Htext34                                     text34       000000
__Htext35                                     text35       000000
__Htext36                                     text36       000000
__Htext37                                     text37       000000
__Htext38                                     text38       000000
__Htext39                                     text39       000000
__Htext4                                      text4        000000
__Htext41                                     text41       000000
__Htext42                                     text42       000000
__Htext43                                     text43       000000
__Htext44                                     text44       000000
__Htext45                                     text45       000000
__Htext46                                     text46       000000
__Htext47                                     text47       000000
__Htext48                                     text48       000000
__Htext49                                     text49       000000
__Htext5                                      text5        000000
__Htext50                                     text50       000000
__Htext51                                     text51       000000
__Htext6                                      text6        000000
__Htext7                                      text7        000000
__Htext8                                      text8        000000
__Htext9                                      text9        000000
__LRAM                                        (abs)        000001
__L__absolute__                               __absolute__ 000000
__Labs1                                       abs1         000000
__Lbank0                                      bank0        000000
__Lbank1                                      bank1        000000
__Lbank10                                     bank10       000000
__Lbank11                                     bank11       000000
__Lbank12                                     bank12       000000
__Lbank13                                     bank13       000000
__Lbank14                                     bank14       000000
__Lbank15                                     bank15       000000
__Lbank2                                      bank2        000000
__Lbank3                                      bank3        000000
__Lbank4                                      bank4        000000
__Lbank5                                      bank5        000000
__Lbank6                                      bank6        000000
__Lbank7                                      bank7        000000
__Lbank8                                      bank8        000000
__Lbank9                                      bank9        000000
__Lbigbss                                     bigbss       000000
__Lbigdata                                    bigdata      000000
__Lbigram                                     bigram       000000
__Lbigsfr                                     bigsfr       000000
__Lbss                                        bss          000000
__LbssBANK0                                   bssBANK0     000000
__LbssBANK1                                   bssBANK1     000000
__LbssCOMRAM                                  bssCOMRAM    000000
__Lcinit                                      cinit        000000
__Lclrtext                                    clrtext      000000
__Lcomram                                     comram       000000
__Lconfig                                     config       000000
__Lconst                                      const        000000
__LcstackBANK0                                cstackBANK0  000000
__LcstackCOMRAM                               cstackCOMRAM 000000
__Ldata                                       data         000000
__LdataBANK0                                  dataBANK0    000000
__LdataCOMRAM                                 dataCOMRAM   000000
__Leeprom_data                                eeprom_data  000000
__Lfarbss                                     farbss       000000
__Lfardata                                    fardata      000000
__Lheap                                       heap         000000
__Libigdata                                   ibigdata     000000
__Lidata                                      idata        000000
__LidataBANK0                                 idataBANK0   000000
__LidataCOMRAM                                idataCOMRAM  000000
__Lidloc                                      idloc        000000
__Lifardata                                   ifardata     000000
__Linit                                       init         00000E
__Lintcode                                    intcode      000008
__Lintcode_body                               intcode_body 000000
__Lintcodelo                                  intcodelo    00000E
__Lintentry                                   intentry     000000
__Lintret                                     intret       000000
__Lintsave_regs                               intsave_regs 000000
__Lirdata                                     irdata       000000
__Lmediumconst                                mediumconst  000000
__LnvBANK0                                    nvBANK0      000000
__LnvFARRAM                                   nvFARRAM     000000
__Lnvbit                                      nvbit        000000
__Lnvrram                                     nvrram       000000
__Lparam                                      rparam       000000
__Lpowerup                                    powerup      00000E
__Lram                                        ram          000000
__Lramtop                                     ramtop       001000
__Lrbit                                       rbit         000000
__Lrbss                                       rbss         000000
__Lrdata                                      rdata        000000
__Lreset_vec                                  reset_vec    000000
__Lrparam                                     rparam       000000
__Lsfr                                        sfr          000000
__Lsmallconst                                 smallconst   001000
__Lspace_0                                    (abs)        000000
__Lspace_1                                    (abs)        000000
__Lspace_2                                    (abs)        000000
__Lspace_4                                    (abs)        000000
__Lstack                                      stack        000000
__Lstruct                                     struct       000000
__Ltemp                                       temp         000073
__Ltext                                       text         000000
__Ltext0                                      text0        000000
__Ltext1                                      text1        000000
__Ltext10                                     text10       000000
__Ltext11                                     text11       000000
__Ltext12                                     text12       000000
__Ltext13                                     text13       000000
__Ltext14                                     text14       000000
__Ltext15                                     text15       000000
__Ltext16                                     text16       000000
__Ltext17                                     text17       000000
__Ltext18                                     text18       000000
__Ltext19                                     text19       000000
__Ltext2                                      text2        000000
__Ltext20                                     text20       000000
__Ltext21                                     text21       000000
__Ltext22                                     text22       000000
__Ltext23                                     text23       000000
__Ltext24                                     text24       000000
__Ltext25                                     text25       000000
__Ltext26                                     text26       000000
__Ltext27                                     text27       000000
__Ltext28                                     text28       000000
__Ltext29                                     text29       000000
__Ltext3                                      text3        000000
__Ltext30                                     text30       000000
__Ltext31                                     text31       000000
__Ltext32                                     text32       000000
__Ltext33                                     text33       000000
__Ltext34                                     text34       000000
__Ltext35                                     text35       000000
__Ltext36                                     text36       000000
__Ltext37                                     text37       000000
__Ltext38                                     text38       000000
__Ltext39                                     text39       000000
__Ltext4                                      text4        000000
__Ltext41                                     text41       000000
__Ltext42                                     text42       000000
__Ltext43                                     text43       000000
__Ltext44                                     text44       000000
__Ltext45                                     text45       000000
__Ltext46                                     text46       000000
__Ltext47                                     text47       000000
__Ltext48                                     text48       000000
__Ltext49                                     text49       000000
__Ltext5                                      text5        000000
__Ltext50                                     text50       000000
__Ltext51                                     text51       000000
__Ltext6                                      text6        000000
__Ltext7                                      text7        000000
__Ltext8                                      text8        000000
__Ltext9                                      text9        000000
__S0                                          (abs)        0032B2
__S1                                          (abs)        000120
__S4                                          (abs)        000000
__S5                                          (abs)        000000
___awdiv                                      text18       0026A6
___awdiv@counter                              cstackCOMRAM 000011
___awdiv@dividend                             cstackCOMRAM 00000D
___awdiv@divisor                              cstackCOMRAM 00000F
___awdiv@quotient                             cstackCOMRAM 000013
___awdiv@sign                                 cstackCOMRAM 000012
___awmod                                      text17       002826
___awmod@counter                              cstackCOMRAM 000011
___awmod@dividend                             cstackCOMRAM 00000D
___awmod@divisor                              cstackCOMRAM 00000F
___awmod@sign                                 cstackCOMRAM 000012
___flmul                                      text35       00102C
___flmul@a                                    cstackCOMRAM 00001F
___flmul@aexp                                 cstackCOMRAM 00002C
___flmul@b                                    cstackCOMRAM 00001B
___flmul@bexp                                 cstackCOMRAM 00002D
___flmul@grs                                  cstackCOMRAM 000028
___flmul@prod                                 cstackCOMRAM 00002E
___flmul@sign                                 cstackCOMRAM 000027
___flmul@temp                                 cstackCOMRAM 000032
___fltol                                      text34       002324
___fltol@exp1                                 cstackCOMRAM 00003D
___fltol@f1                                   cstackCOMRAM 000034
___fltol@sign1                                cstackCOMRAM 00003C
___heap_hi                                    (abs)        000000
___heap_lo                                    (abs)        000000
___inthi_sp                                   stack        000000
___intlo_sp                                   stack        000000
___lwdiv                                      text33       002CBA
___lwdiv@counter                              cstackCOMRAM 000013
___lwdiv@dividend                             cstackCOMRAM 00000D
___lwdiv@divisor                              cstackCOMRAM 00000F
___lwdiv@quotient                             cstackCOMRAM 000011
___param_bank                                 (abs)        000000
___rparam_used                                (abs)        000001
___sp                                         stack        000000
___xxtofl                                     text32       00199C
___xxtofl@arg                                 cstackCOMRAM 000017
___xxtofl@exp                                 cstackCOMRAM 000016
___xxtofl@sign                                cstackCOMRAM 000015
___xxtofl@val                                 cstackCOMRAM 00000D
__accesstop                                   (abs)        000080
__activetblptr                                (abs)        000003
__end_of_ADC_INIT                             text29       002A20
__end_of_ADC_ISR                              text48       0031E6
__end_of_ADC_SELECT_CHANNEL                   text38       0031B6
__end_of_ADC_START_CONVERSION                 text37       003226
__end_of_ADC_get_conversion_interrupt         text36       003120
__end_of_ADC_get_conversion_result            text50       002504
__end_of_INT0_ISR                             text47       0032B0
__end_of_INT1_ISR                             text46       0032AC
__end_of_INT2_ISR                             text45       0032A8
__end_of_InterruptManager                     intcode_body 00171C
__end_of_RB4_ISR                              text44       00328E
__end_of_RB5_ISR                              text43       003274
__end_of_RB6_ISR                              text42       00325A
__end_of_RB7_ISR                              text41       003240
__end_of___awdiv                              text18       00276A
__end_of___awmod                              text17       0028D6
__end_of___flmul                              text35       001456
__end_of___fltol                              text34       00242A
__end_of___lwdiv                              text33       002D2E
__end_of___xxtofl                             text32       001B50
__end_of__initialization                      cinit        002E02
__end_of_abs                                  text16       00306C
__end_of_adc_defaultinterrupthandler          text49       003186
__end_of_adc_input_channel_port_configuration text39       0025DC
__end_of_adc_select_format                    text31       002D9E
__end_of_application_intialize                text20       0032A0
__end_of_btn_values                           smallconst   001011
__end_of_configure_the_voltage_reference      text30       002CBA
__end_of_convert_uint16_to_string             text7        002826
__end_of_dc_motor_initialize                  text25       0030AA
__end_of_dc_motor_move_right                  text6        002FE8
__end_of_dc_motor_stop                        text5        002FA2
__end_of_dtoa                                 text11       001CE6
__end_of_ecu_layer_intialize                  text21       00320C
__end_of_fputc                                text14       0026A6
__end_of_fputs                                text13       00302C
__end_of_gpio_pin_direction_intialize         text28       001FA0
__end_of_gpio_pin_intialize                   text26       002E78
__end_of_gpio_pin_write_logic                 text27       002324
__end_of_lcd_8bit_intialize                   text22       0021F8
__end_of_lcd_8bit_send_char_data              text4        002AB0
__end_of_lcd_8bit_send_command                text23       002B40
__end_of_lcd_8bit_send_enable_signal          text24       003154
__end_of_lcd_8bit_send_string                 text3        002BCA
__end_of_lcd_8bit_send_string_pos             text1        002F5C
__end_of_lcd_8bit_set_cursor                  text2        00297E
__end_of_main                                 text0        00199C
__end_of_memset                               text19       001E5C
__end_of_pad                                  text12       002C44
__end_of_putch                                text15       0032B2
__end_of_sprintf                              text8        002F14
__end_of_vfpfcnvrt                            text10       0020CC
__end_of_vfprintf                             text9        002EC8
__initialization                              cinit        002D9E
__mediumconst                                 mediumconst  000000
__pbssBANK0                                   bssBANK0     0000BB
__pbssBANK1                                   bssBANK1     000100
__pbssCOMRAM                                  bssCOMRAM    000063
__pcinit                                      cinit        002D9E
__pcstackBANK0                                cstackBANK0  0000EF
__pcstackCOMRAM                               cstackCOMRAM 000001
__pdataBANK0                                  dataBANK0    000080
__pdataCOMRAM                                 dataCOMRAM   00006F
__pidataBANK0                                 idataBANK0   0030AA
__pidataCOMRAM                                idataCOMRAM  0032A0
__pintcode                                    intcode      000008
__pintcode_body                               intcode_body 001456
__pnvBANK0                                    nvBANK0      0000FB
__psmallconst                                 smallconst   001000
__ptext0                                      text0        00171C
__ptext1                                      text1        002F14
__ptext10                                     text10       001FA0
__ptext11                                     text11       001B50
__ptext12                                     text12       002BCA
__ptext13                                     text13       002FE8
__ptext14                                     text14       0025DC
__ptext15                                     text15       0032B0
__ptext16                                     text16       00302C
__ptext17                                     text17       002826
__ptext18                                     text18       0026A6
__ptext19                                     text19       001CE6
__ptext2                                      text2        0028D6
__ptext20                                     text20       00328E
__ptext21                                     text21       0031E6
__ptext22                                     text22       0020CC
__ptext23                                     text23       002AB0
__ptext24                                     text24       003120
__ptext25                                     text25       00306C
__ptext26                                     text26       002E0C
__ptext27                                     text27       0021F8
__ptext28                                     text28       001E5C
__ptext29                                     text29       00297E
__ptext3                                      text3        002B40
__ptext30                                     text30       002C44
__ptext31                                     text31       002D2E
__ptext32                                     text32       00199C
__ptext33                                     text33       002CBA
__ptext34                                     text34       002324
__ptext35                                     text35       00102C
__ptext36                                     text36       0030E6
__ptext37                                     text37       00320C
__ptext38                                     text38       003186
__ptext39                                     text39       002504
__ptext4                                      text4        002A20
__ptext41                                     text41       003226
__ptext42                                     text42       003240
__ptext43                                     text43       00325A
__ptext44                                     text44       003274
__ptext45                                     text45       0032A4
__ptext46                                     text46       0032A8
__ptext47                                     text47       0032AC
__ptext48                                     text48       0031B6
__ptext49                                     text49       003154
__ptext5                                      text5        002F5C
__ptext50                                     text50       00242A
__ptext51                                     text51       000000
__ptext6                                      text6        002FA2
__ptext7                                      text7        00276A
__ptext8                                      text8        002EC8
__ptext9                                      text9        002E78
__ramtop                                      ramtop       001000
__smallconst                                  smallconst   001000
_abs                                          text16       00302C
_adc1                                         dataBANK0    0000B0
_adc_defaultinterrupthandler                  text49       003154
_adc_flag                                     bssCOMRAM    000067
_adc_input_channel_port_configuration         text39       002504
_adc_req                                      bssBANK0     0000DE
_adc_res_1                                    bssBANK0     0000ED
_adc_res_2                                    bssBANK0     0000EB
_adc_rss_txt_1                                bssBANK0     0000E5
_adc_rss_txt_2                                bssBANK0     0000DF
_adc_select_format                            text31       002D2E
_application_intialize                        text20       00328E
_btn_values                                   smallconst   001001
_configure_the_voltage_reference              text30       002C44
_convert_uint16_to_string                     text7        00276A
_dbuf                                         bssBANK1     000100
_dc_motor_1                                   dataBANK0    0000B9
_dc_motor_2                                   dataBANK0    0000B7
_dc_motor_initialize                          text25       00306C
_dc_motor_move_right                          text6        002FA2
_dc_motor_stop                                text5        002F5C
_dtoa                                         text11       001B50
_dtoa$2546                                    cstackCOMRAM 00002C
_ecu_layer_intialize                          text21       0031E6
_flags                                        bssBANK0     0000DD
_fputc                                        text14       0025DC
_fputs                                        text13       002FE8
_gpio_pin_direction_intialize                 text28       001E5C
_gpio_pin_intialize                           text26       002E0C
_gpio_pin_write_logic                         text27       0021F8
_keypad_obj                                   dataBANK0    00009E
_lat_registers                                dataBANK0    00008A
_lcd                                          dataBANK0    0000A6
_lcd_8bit_intialize                           text22       0020CC
_lcd_8bit_send_char_data                      text4        002A20
_lcd_8bit_send_command                        text23       002AB0
_lcd_8bit_send_enable_signal                  text24       003120
_lcd_8bit_send_string                         text3        002B40
_lcd_8bit_send_string_pos                     text1        002F14
_lcd_8bit_set_cursor                          text2        0028D6
_lm35_res_cel_1                               bssCOMRAM    000065
_lm35_res_cel_2                               bssCOMRAM    000063
_main                                         text0        00171C
_memset                                       text19       001CE6
_pad                                          text12       002BCA
_port_registers                               dataBANK0    000080
_prec                                         bssBANK0     0000C3
_putch                                        text15       0032B0
_ret                                          nvBANK0      0000FB
_sprintf                                      text8        002EC8
_tris_registers                               dataBANK0    000094
_vfpfcnvrt                                    text10       001FA0
_vfprintf                                     text9        002E78
_width                                        bssBANK0     0000C1
abs@a                                         cstackCOMRAM 000013
adc_input_channel_port_configuration@channel  cstackCOMRAM 00000F
adc_select_format@adc                         cstackCOMRAM 00000D
btemp                                         temp         000073
configure_the_voltage_reference@adc           cstackCOMRAM 00000D
convert_uint16_to_string@DataCounter          cstackBANK0  0000FA
convert_uint16_to_string@Temp_String          cstackBANK0  0000F3
convert_uint16_to_string@ret                  cstackBANK0  0000F9
convert_uint16_to_string@str                  cstackBANK0  0000F1
convert_uint16_to_string@value                cstackBANK0  0000EF
dc_motor_initialize@_dc_motor                 cstackCOMRAM 00001B
dc_motor_initialize@ret                       cstackCOMRAM 00001D
dc_motor_move_right@_dc_motor                 cstackCOMRAM 000017
dc_motor_move_right@ret                       cstackCOMRAM 000019
dc_motor_stop@_dc_motor                       cstackCOMRAM 000017
dc_motor_stop@ret                             cstackCOMRAM 000019
dtoa@d                                        cstackCOMRAM 00002A
dtoa@fp                                       cstackCOMRAM 000028
dtoa@i                                        cstackCOMRAM 000033
dtoa@p                                        cstackCOMRAM 00002E
dtoa@s                                        cstackCOMRAM 000032
dtoa@w                                        cstackCOMRAM 000030
end_of_initialization                         cinit        002E02
fputc@c                                       cstackCOMRAM 00000D
fputc@fp                                      cstackCOMRAM 00000F
fputs@c                                       cstackCOMRAM 00001A
fputs@fp                                      cstackCOMRAM 000018
fputs@i                                       cstackCOMRAM 00001B
fputs@s                                       cstackCOMRAM 000016
gpio_pin_direction_intialize@_pin_config      cstackCOMRAM 00000D
gpio_pin_direction_intialize@ret              cstackCOMRAM 000015
gpio_pin_intialize@_pin_config                cstackCOMRAM 000017
gpio_pin_intialize@ret                        cstackCOMRAM 00001A
gpio_pin_write_logic@_pin_config              cstackCOMRAM 00000D
gpio_pin_write_logic@logic                    cstackCOMRAM 00000F
gpio_pin_write_logic@ret                      cstackCOMRAM 000016
int$flags                                     temp         000073
int_func                                      intcode_body 001456
intlevel0                                     text         000000
intlevel1                                     text         000000
intlevel2                                     text         000000
intlevel3                                     text         000000
isa$std                                       (abs)        000001
isa$xinst                                     (abs)        000000
lcd_8bit_intialize@l_data_pins_counter        cstackCOMRAM 000027
lcd_8bit_intialize@lcd                        cstackCOMRAM 000023
lcd_8bit_intialize@ret                        cstackCOMRAM 000028
lcd_8bit_send_char_data@data                  cstackCOMRAM 00001C
lcd_8bit_send_char_data@l_pin_counter         cstackCOMRAM 000022
lcd_8bit_send_char_data@lcd                   cstackCOMRAM 00001A
lcd_8bit_send_char_data@ret                   cstackCOMRAM 000021
lcd_8bit_send_command@command                 cstackCOMRAM 00001C
lcd_8bit_send_command@l_pin_counter           cstackCOMRAM 000022
lcd_8bit_send_command@lcd                     cstackCOMRAM 00001A
lcd_8bit_send_command@ret                     cstackCOMRAM 000021
lcd_8bit_send_enable_signal@lcd               cstackCOMRAM 000017
lcd_8bit_send_enable_signal@ret               cstackCOMRAM 000019
lcd_8bit_send_string@lcd                      cstackCOMRAM 000023
lcd_8bit_send_string@ret                      cstackCOMRAM 000027
lcd_8bit_send_string@str                      cstackCOMRAM 000025
lcd_8bit_send_string_pos@column               cstackCOMRAM 00002D
lcd_8bit_send_string_pos@lcd                  cstackCOMRAM 00002A
lcd_8bit_send_string_pos@ret                  cstackCOMRAM 000030
lcd_8bit_send_string_pos@row                  cstackCOMRAM 00002C
lcd_8bit_send_string_pos@str                  cstackCOMRAM 00002E
lcd_8bit_set_cursor@coulmn                    cstackCOMRAM 000026
lcd_8bit_set_cursor@lcd                       cstackCOMRAM 000023
lcd_8bit_set_cursor@ret                       cstackCOMRAM 000029
lcd_8bit_set_cursor@row                       cstackCOMRAM 000025
led_initialize@F3048                          bssCOMRAM    00006E
led_turn_off@F3058                            bssCOMRAM    00006C
led_turn_on@F3053                             bssCOMRAM    00006D
led_turn_toggle@F3063                         bssCOMRAM    00006B
memset@c                                      cstackCOMRAM 00000F
memset@dest                                   cstackCOMRAM 00000D
memset@k                                      cstackCOMRAM 000015
memset@n                                      cstackCOMRAM 000011
memset@s                                      cstackCOMRAM 000017
pad@buf                                       cstackCOMRAM 00001F
pad@fp                                        cstackCOMRAM 00001D
pad@i                                         cstackCOMRAM 000024
pad@p                                         cstackCOMRAM 000021
pad@w                                         cstackCOMRAM 000026
relay_initialize@F3042                        bssCOMRAM    00006A
relay_turn_off@F3052                          bssCOMRAM    000068
relay_turn_on@F3047                           bssCOMRAM    000069
sprintf@ap                                    cstackCOMRAM 000053
sprintf@f                                     cstackCOMRAM 000055
sprintf@fmt                                   cstackCOMRAM 00004D
sprintf@s                                     cstackCOMRAM 00004B
stackhi                                       (abs)        000000
stacklo                                       (abs)        000000
start                                         init         00000E
start_initialization                          cinit        002D9E
ttemp5                                        temp         000074
ttemp6                                        temp         000077
ttemp7                                        temp         00007B
vfpfcnvrt@ap                                  cstackCOMRAM 000039
vfpfcnvrt@convarg                             cstackCOMRAM 00003D
vfpfcnvrt@cp                                  cstackCOMRAM 000041
vfpfcnvrt@fmt                                 cstackCOMRAM 000037
vfpfcnvrt@fp                                  cstackCOMRAM 000035
vfprintf@ap                                   cstackCOMRAM 000047
vfprintf@cfmt                                 cstackCOMRAM 000049
vfprintf@fmt                                  cstackCOMRAM 000045
vfprintf@fp                                   cstackCOMRAM 000043
wtemp8                                        temp         000074


MODULE INFORMATION

Module		Function		Class		Link	Load	Size
C:\Program Files\Microchip\xc8\v2.41\pic\sources\c99\common\awmod.c
		___awmod       		CODE           	2826	0000	176

C:\Program Files\Microchip\xc8\v2.41\pic\sources\c99\common\awmod.c estimated size: 176

C:\Program Files\Microchip\xc8\v2.41\pic\sources\c99\common\fltol.c
		___fltol       		CODE           	2324	0000	262

C:\Program Files\Microchip\xc8\v2.41\pic\sources\c99\common\fltol.c estimated size: 262

C:\Program Files\Microchip\xc8\v2.41\pic\sources\c99\common\xxtofl.c
		___xxtofl      		CODE           	199C	0000	436

C:\Program Files\Microchip\xc8\v2.41\pic\sources\c99\common\xxtofl.c estimated size: 436

ECU_Layer/DC_Motor/ecu_dc_motor.c
		_dc_motor_stop 		CODE           	2F5C	0000	70
		_dc_motor_initialize		CODE           	306C	0000	62
		_dc_motor_move_right		CODE           	2FA2	0000	70

ECU_Layer/DC_Motor/ecu_dc_motor.c estimated size: 202

C:\Program Files\Microchip\xc8\v2.41\pic\sources\c99\common\nf_fputc.c
		_fputc         		CODE           	25DC	0000	202

C:\Program Files\Microchip\xc8\v2.41\pic\sources\c99\common\nf_fputc.c estimated size: 202

C:\Program Files\Microchip\xc8\v2.41\pic\sources\c99\common\memset.c
		_memset        		CODE           	1CE6	0000	374

C:\Program Files\Microchip\xc8\v2.41\pic\sources\c99\common\memset.c estimated size: 374

C:\Program Files\Microchip\xc8\v2.41\pic\sources\c99\common\nf_sprintf.c
		_sprintf       		CODE           	2EC8	0000	76

C:\Program Files\Microchip\xc8\v2.41\pic\sources\c99\common\nf_sprintf.c estimated size: 76

C:\Program Files\Microchip\xc8\v2.41\pic\sources\c99\common\lwdiv.c
		___lwdiv       		CODE           	2CBA	0000	116

C:\Program Files\Microchip\xc8\v2.41\pic\sources\c99\common\lwdiv.c estimated size: 116

C:\Program Files\Microchip\xc8\v2.41\pic\sources\c99\common\awdiv.c
		___awdiv       		CODE           	26A6	0000	196

C:\Program Files\Microchip\xc8\v2.41\pic\sources\c99\common\awdiv.c estimated size: 196

ECU_Layer/Chr_LCD/ecu_chr_lcd.c
		_lcd_8bit_intialize		CODE           	20CC	0000	300
		_lcd_8bit_set_cursor		CODE           	28D6	0000	168
		_lcd_8bit_send_enable_signal		CODE           	3120	0000	52
		_convert_uint16_to_string		CODE           	276A	0000	188
		_lcd_8bit_send_string		CODE           	2B40	0000	138
		_lcd_8bit_send_command		CODE           	2AB0	0000	144
		_lcd_8bit_send_string_pos		CODE           	2F14	0000	72
		_lcd_8bit_send_char_data		CODE           	2A20	0000	144

ECU_Layer/Chr_LCD/ecu_chr_lcd.c estimated size: 1206

C:\Program Files\Microchip\xc8\v2.41\pic\sources\c99\common\abs.c
		_abs           		CODE           	302C	0000	64

C:\Program Files\Microchip\xc8\v2.41\pic\sources\c99\common\abs.c estimated size: 64

C:\Program Files\Microchip\xc8\v2.41\pic\sources\c99\common\doprnt.c
		_vfpfcnvrt     		CODE           	1FA0	0000	300
		_pad           		CODE           	2BCA	0000	122
		_dtoa          		CODE           	1B50	0000	406
		_vfprintf      		CODE           	2E78	0000	80

C:\Program Files\Microchip\xc8\v2.41\pic\sources\c99\common\doprnt.c estimated size: 908

shared
		_btn_values    		SMALLCONST     	1001	0000	16
		__initialization		CODE           	2D9E	0000	100

shared estimated size: 116

MCAL_Layer/Interrupt/mcal_external_interrupt.c
		_RB4_ISR       		CODE           	3274	0000	26
		_RB5_ISR       		CODE           	325A	0000	26
		_RB6_ISR       		CODE           	3240	0000	26
		_RB7_ISR       		CODE           	3226	0000	26
		_INT0_ISR      		CODE           	32AC	0000	4
		_INT1_ISR      		CODE           	32A8	0000	4
		_INT2_ISR      		CODE           	32A4	0000	4

MCAL_Layer/Interrupt/mcal_external_interrupt.c estimated size: 116

MCAL_Layer/ADC/hal_adc.c
		_adc_input_channel_port_configuration		CODE           	2504	0000	216
		_ADC_START_CONVERSION		CODE           	320C	0000	26
		_ADC_get_conversion_result		CODE           	242A	0000	218
		_ADC_SELECT_CHANNEL		CODE           	3186	0000	48
		_ADC_get_conversion_interrupt		CODE           	30E6	0000	58
		_ADC_ISR       		CODE           	31B6	0000	48
		_adc_select_format		CODE           	2D2E	0000	112
		_ADC_INIT      		CODE           	297E	0000	162
		_configure_the_voltage_reference		CODE           	2C44	0000	118

MCAL_Layer/ADC/hal_adc.c estimated size: 1006

MCAL_Layer/Interrupt/mcal_interrupt_manager.c
		_InterruptManager		CODE           	0008	0000	716

MCAL_Layer/Interrupt/mcal_interrupt_manager.c estimated size: 716

MCAL_Layer/GPIO/hal_gpio.c
		_gpio_pin_write_logic		CODE           	21F8	0000	300
		_gpio_pin_intialize		CODE           	2E0C	0000	108
		_gpio_pin_direction_intialize		CODE           	1E5C	0000	324

MCAL_Layer/GPIO/hal_gpio.c estimated size: 732

C:\Program Files\Microchip\xc8\v2.41\pic\sources\c99\common\putch.c
		_putch         		CODE           	32B0	0000	2

C:\Program Files\Microchip\xc8\v2.41\pic\sources\c99\common\putch.c estimated size: 2

C:\Program Files\Microchip\xc8\v2.41\pic\sources\c99\common\nf_fputs.c
		_fputs         		CODE           	2FE8	0000	68

C:\Program Files\Microchip\xc8\v2.41\pic\sources\c99\common\nf_fputs.c estimated size: 68

ECU_Layer/ecu_layer_init.c
		_ecu_layer_intialize		CODE           	31E6	0000	38

ECU_Layer/ecu_layer_init.c estimated size: 38

application.c
		_main          		CODE           	171C	0000	640
		_application_intialize		CODE           	328E	0000	18
		_adc_defaultinterrupthandler		CODE           	3154	0000	50

application.c estimated size: 708

C:\Program Files\Microchip\xc8\v2.41\pic\sources\c99\common\sprcmul.c
		___flmul       		CODE           	102C	0000	1066

C:\Program Files\Microchip\xc8\v2.41\pic\sources\c99\common\sprcmul.c estimated size: 1066

